src/components/dashboard/PostEditorModal.tsx(3,19): error TS6133: 'Calendar' is declared but its value is never read.
src/pages/settings/SettingsPage.tsx(15,3): error TS6133: 'Save' is declared but its value is never read.
src/pages/settings/SettingsPage.tsx(19,1): error TS6133: 'cn' is declared but its value is never read.
